// Jest Snapshot v1, https://goo.gl/fbAQLP

exports[`<CartItem /> when loading w/variant renders all extra components properly 1`] = `null`;
