// Jest Snapshot v1, https://goo.gl/fbAQLP

exports[`<EditProductVariants /> matches the snap shot 1`] = `
<EditProductVariants
  product={
    Object {
      "__typename": "Product",
      "brand": "Peggs",
      "category": "jewelry",
      "department": "accessories",
      "description": "Limited Edition watch from the 2018 Fall fashion line.",
      "id": "pr0duct1d",
      "image": Object {
        "__typename": "Image",
        "cloudinary_id": "111111",
        "height": 22,
        "id": "1m4g31d",
        "image_url": "peggswatch1.jpg",
        "large_image_url": "peggswatch2.jpg",
        "name": "peggswatch1",
        "transformation": "",
        "width": 22,
      },
      "online": false,
      "title": "Peggs Gold Edition Analog Watch Peggs Gold Edition Analog ",
      "user": Object {
        "__typename": "User",
        "cart": Array [],
        "email": "Waldo.Yundt@Mosciski.biz",
        "id": "us3r1d",
        "name": "Ms. Josue McCullough",
        "password": "unique-password",
        "permissions": Array [
          "ADMIN",
        ],
      },
      "variants": Array [
        Object {
          "__typename": "Variant",
          "availability": "4 in Stock!",
          "color": "white",
          "id": "v4r13nt1d",
          "image": Object {
            "__typename": "Image",
            "cloudinary_id": "111111",
            "height": 22,
            "id": "1m4g31d",
            "image_url": "peggswatch1.jpg",
            "large_image_url": "peggswatch2.jpg",
            "name": "peggswatch1",
            "transformation": "",
            "width": 22,
          },
          "price": 35,
          "product": Object {
            "__typename": "Product",
            "brand": "Peggs",
            "category": "jewelry",
            "department": "accessories",
            "description": "Limited Edition watch from the 2018 Fall fashion line.",
            "id": "pr0duct1d",
            "image": Object {
              "__typename": "Image",
              "cloudinary_id": "111111",
              "height": 22,
              "id": "1m4g31d",
              "image_url": "peggswatch1.jpg",
              "large_image_url": "peggswatch2.jpg",
              "name": "peggswatch1",
              "transformation": "",
              "width": 22,
            },
            "online": false,
            "title": "Peggs Gold Edition Analog Watch Peggs Gold Edition Analog ",
            "user": Object {
              "__typename": "User",
              "cart": Array [],
              "email": "Princess.Ernser@Dibbert.net",
              "id": "us3r1d",
              "name": "Dr. Randy Gleason",
              "password": "unique-password",
              "permissions": Array [
                "ADMIN",
              ],
            },
            "variants": Array [],
          },
          "quantity": 4,
          "sale": true,
          "salePrice": 30,
          "size": "S",
        },
      ],
    }
  }
>
  <ProductStyles__StyledEditProductVariants>
    <div
      className="ProductStyles__StyledEditProductVariants-sc-2231u4-4 feaxHC"
    >
      <DisplayMessage
        error={Object {}}
        success=""
      />
      <div
        className="edit-prdct-var-choose"
      >
        <div
          className="edit-prdct-lbl"
        >
          1. Choose Selection to Update
        </div>
        <div
          className="edit-prdct-content"
        >
          <Product
            demoView={true}
            product={
              Object {
                "__typename": "Product",
                "brand": "Peggs",
                "category": "jewelry",
                "department": "accessories",
                "description": "Limited Edition watch from the 2018 Fall fashion line.",
                "id": "pr0duct1d",
                "image": Object {
                  "__typename": "Image",
                  "cloudinary_id": "111111",
                  "height": 22,
                  "id": "1m4g31d",
                  "image_url": "peggswatch1.jpg",
                  "large_image_url": "peggswatch2.jpg",
                  "name": "peggswatch1",
                  "transformation": "",
                  "width": 22,
                },
                "online": false,
                "title": "Peggs Gold Edition Analog Watch Peggs Gold Edition Analog ",
                "user": Object {
                  "__typename": "User",
                  "cart": Array [],
                  "email": "Waldo.Yundt@Mosciski.biz",
                  "id": "us3r1d",
                  "name": "Ms. Josue McCullough",
                  "password": "unique-password",
                  "permissions": Array [
                    "ADMIN",
                  ],
                },
                "variants": Array [
                  Object {
                    "__typename": "Variant",
                    "availability": "4 in Stock!",
                    "color": "white",
                    "id": "v4r13nt1d",
                    "image": Object {
                      "__typename": "Image",
                      "cloudinary_id": "111111",
                      "height": 22,
                      "id": "1m4g31d",
                      "image_url": "peggswatch1.jpg",
                      "large_image_url": "peggswatch2.jpg",
                      "name": "peggswatch1",
                      "transformation": "",
                      "width": 22,
                    },
                    "price": 35,
                    "product": Object {
                      "__typename": "Product",
                      "brand": "Peggs",
                      "category": "jewelry",
                      "department": "accessories",
                      "description": "Limited Edition watch from the 2018 Fall fashion line.",
                      "id": "pr0duct1d",
                      "image": Object {
                        "__typename": "Image",
                        "cloudinary_id": "111111",
                        "height": 22,
                        "id": "1m4g31d",
                        "image_url": "peggswatch1.jpg",
                        "large_image_url": "peggswatch2.jpg",
                        "name": "peggswatch1",
                        "transformation": "",
                        "width": 22,
                      },
                      "online": false,
                      "title": "Peggs Gold Edition Analog Watch Peggs Gold Edition Analog ",
                      "user": Object {
                        "__typename": "User",
                        "cart": Array [],
                        "email": "Princess.Ernser@Dibbert.net",
                        "id": "us3r1d",
                        "name": "Dr. Randy Gleason",
                        "password": "unique-password",
                        "permissions": Array [
                          "ADMIN",
                        ],
                      },
                      "variants": Array [],
                    },
                    "quantity": 4,
                    "sale": true,
                    "salePrice": 30,
                    "size": "S",
                  },
                ],
              }
            }
            variantAction={[Function]}
            variantActionLabel="Select"
          >
            <ProductStyles__StyledProduct>
              <div
                className="ProductStyles__StyledProduct-sc-2231u4-0 dOvnhj"
              >
                <div
                  className="prdct-imgs"
                >
                  <img
                    alt="Peggs Gold Edition Analog Watch Peggs Gold Edition Analog "
                    height="640"
                    src="peggswatch2.jpg"
                    width="450"
                  />
                </div>
                <div
                  className="prdct-content"
                >
                  <div
                    className="prdct-padding"
                    id="prdct-title"
                  >
                    <Link
                      href={
                        Object {
                          "pathname": "/buy",
                          "query": Object {
                            "id": "pr0duct1d",
                          },
                        }
                      }
                    >
                      <a
                        className="prdct-title"
                        href="/buy?id=pr0duct1d"
                        onClick={[Function]}
                      >
                        Peggs Gold Edition Analog Watch Peggs Gold Edition Analog 
                      </a>
                    </Link>
                  </div>
                  <ByCreator
                    name="Ms. Josue McCullough"
                    online={true}
                  >
                    <div
                      className="prdct-creator prdct-padding"
                    >
                      By
                      <Link
                        href={
                          Object {
                            "pathname": "/shop",
                            "query": Object {
                              "name": "Ms. Josue McCullough",
                              "online": true,
                            },
                          }
                        }
                      >
                        <a
                          className="undrln-btn"
                          href="/shop?name=Ms.%20Josue%20McCullough&online=true"
                          onClick={[Function]}
                        >
                          Ms. Josue McCullough
                        </a>
                      </Link>
                    </div>
                  </ByCreator>
                  <div
                    className="prdct-padding"
                    id="prdct-online"
                  >
                    <i>
                      Offline
                    </i>
                  </div>
                  <ProductVariants
                    demoView={true}
                    online={false}
                    variantAction={[Function]}
                    variantActionLabel="Select"
                    variants={
                      Array [
                        Object {
                          "__typename": "Variant",
                          "availability": "4 in Stock!",
                          "color": "white",
                          "id": "v4r13nt1d",
                          "image": Object {
                            "__typename": "Image",
                            "cloudinary_id": "111111",
                            "height": 22,
                            "id": "1m4g31d",
                            "image_url": "peggswatch1.jpg",
                            "large_image_url": "peggswatch2.jpg",
                            "name": "peggswatch1",
                            "transformation": "",
                            "width": 22,
                          },
                          "price": 35,
                          "product": Object {
                            "__typename": "Product",
                            "brand": "Peggs",
                            "category": "jewelry",
                            "department": "accessories",
                            "description": "Limited Edition watch from the 2018 Fall fashion line.",
                            "id": "pr0duct1d",
                            "image": Object {
                              "__typename": "Image",
                              "cloudinary_id": "111111",
                              "height": 22,
                              "id": "1m4g31d",
                              "image_url": "peggswatch1.jpg",
                              "large_image_url": "peggswatch2.jpg",
                              "name": "peggswatch1",
                              "transformation": "",
                              "width": 22,
                            },
                            "online": false,
                            "title": "Peggs Gold Edition Analog Watch Peggs Gold Edition Analog ",
                            "user": Object {
                              "__typename": "User",
                              "cart": Array [],
                              "email": "Princess.Ernser@Dibbert.net",
                              "id": "us3r1d",
                              "name": "Dr. Randy Gleason",
                              "password": "unique-password",
                              "permissions": Array [
                                "ADMIN",
                              ],
                            },
                            "variants": Array [],
                          },
                          "quantity": 4,
                          "sale": true,
                          "salePrice": 30,
                          "size": "S",
                        },
                      ]
                    }
                  >
                    <ProductStyles__StyledProductVariants>
                      <div
                        className="ProductStyles__StyledProductVariants-sc-2231u4-1 ndRtn"
                      >
                        <div
                          className="prdct-padding"
                        >
                          <PriceTag
                            price={35}
                            sale={true}
                            salePrice={30}
                          >
                            <PriceTag__StyledPriceTag>
                              <div
                                className="PriceTag__StyledPriceTag-sc-119rsfa-0 ePOheW"
                              >
                                <span
                                  className="line-through"
                                >
                                  $35
                                </span>
                                <span
                                  className="price-tag-padding price-tag-priceSale"
                                >
                                  $30
                                </span>
                              </div>
                            </PriceTag__StyledPriceTag>
                          </PriceTag>
                        </div>
                        <div
                          className="prdct-padding"
                          id="prod-var-sizes"
                        >
                          <div
                            className="prdct-padding filter-sizes"
                          >
                            <button
                              className="undrln-btn sample-selected"
                              id="prod-var-size-S"
                              key="0"
                              name="size"
                              onClick={[Function]}
                              title="Select size: S"
                              value="S"
                            >
                              S
                            </button>
                          </div>
                        </div>
                        <div
                          className="prdct-padding"
                          id="prod-var-colors"
                        >
                          <div
                            id="prod-var-colors-title"
                          >
                            White
                          </div>
                          <div
                            className="prdct-padding filter-colors"
                          >
                            <button
                              className="sample-selected"
                              id="prod-var-color-white"
                              key="0"
                              name="color"
                              onClick={[Function]}
                              title="Select color: White"
                              value="white"
                            >
                              <div
                                className="color-sphere-sample white-color-sample"
                              />
                            </button>
                          </div>
                        </div>
                        <div
                          className="prdct-padding"
                          id="prod-var-avail"
                        >
                          <i>
                            4 in Stock!
                          </i>
                        </div>
                        <div
                          className="prdct-padding"
                          id="prod-var-action"
                        >
                          <button
                            className="big-btn"
                            disabled={false}
                            id="prod-var-action-btn"
                            onClick={[Function]}
                          >
                            Select
                          </button>
                        </div>
                      </div>
                    </ProductStyles__StyledProductVariants>
                  </ProductVariants>
                  <div
                    className="prdct-desc prdct-padding"
                    id="prdct-desc"
                  >
                    <div
                      id="prdct-description"
                    >
                      <strong>
                        Description:
                      </strong>
                      <p>
                        Limited Edition watch from the 2018 Fall fashion line.
                      </p>
                    </div>
                    <div
                      id="prdct-brand"
                    >
                      <strong>
                        Brand:
                      </strong>
                      <p>
                        Peggs
                      </p>
                    </div>
                  </div>
                </div>
              </div>
            </ProductStyles__StyledProduct>
          </Product>
        </div>
      </div>
    </div>
  </ProductStyles__StyledEditProductVariants>
</EditProductVariants>
`;
