// Jest Snapshot v1, https://goo.gl/fbAQLP

exports[`<Order /> matches the snap shot 1`] = `null`;
