// Jest Snapshot v1, https://goo.gl/fbAQLP

exports[`<Permissions /> matches with snapshot 1`] = `null`;
