// Jest Snapshot v1, https://goo.gl/fbAQLP

exports[`<Product /> matches the snap shot 1`] = `
<Product
  demoView={false}
  product={
    Object {
      "__typename": "Product",
      "brand": "Peggs",
      "category": "jewelry",
      "department": "accessories",
      "description": "Limited Edition watch from the 2018 Fall fashion line.",
      "id": "pr0duct1d",
      "image": Object {
        "__typename": "Image",
        "cloudinary_id": "111111",
        "height": 22,
        "id": "1m4g31d",
        "image_url": "peggswatch1.jpg",
        "large_image_url": "peggswatch2.jpg",
        "name": "peggswatch1",
        "transformation": "",
        "width": 22,
      },
      "online": false,
      "title": "Peggs Gold Edition Analog Watch Peggs Gold Edition Analog ",
      "user": Object {
        "__typename": "User",
        "cart": Array [],
        "email": "Waldo.Yundt@Mosciski.biz",
        "id": "us3r1d",
        "name": "Ms. Josue McCullough",
        "password": "unique-password",
        "permissions": Array [
          "ADMIN",
        ],
      },
      "variants": Array [],
    }
  }
  variantAction={[MockFunction]}
  variantActionLabel="Select"
>
  <ProductStyles__StyledProduct>
    <div
      className="ProductStyles__StyledProduct-sc-2231u4-0 dOvnhj"
    >
      <div
        className="prdct-imgs"
      >
        <img
          alt="Peggs Gold Edition Analog Watch Peggs Gold Edition Analog "
          height="640"
          src="peggswatch2.jpg"
          width="450"
        />
      </div>
      <div
        className="prdct-content"
      >
        <div
          className="prdct-padding"
          id="prdct-title"
        >
          <Link
            href={
              Object {
                "pathname": "/buy",
                "query": Object {
                  "id": "pr0duct1d",
                },
              }
            }
          >
            <a
              className="prdct-title"
              href="/buy?id=pr0duct1d"
              onClick={[Function]}
            >
              Peggs Gold Edition Analog Watch Peggs Gold Edition Analog 
            </a>
          </Link>
        </div>
        <ByCreator
          name="Ms. Josue McCullough"
          online={true}
        >
          <div
            className="prdct-creator prdct-padding"
          >
            By
            <Link
              href={
                Object {
                  "pathname": "/shop",
                  "query": Object {
                    "name": "Ms. Josue McCullough",
                    "online": true,
                  },
                }
              }
            >
              <a
                className="undrln-btn"
                href="/shop?name=Ms.%20Josue%20McCullough&online=true"
                onClick={[Function]}
              >
                Ms. Josue McCullough
              </a>
            </Link>
          </div>
        </ByCreator>
        <div
          className="prdct-padding"
          id="prdct-online"
        >
          <i>
            Offline
          </i>
        </div>
        <ProductVariants
          demoView={false}
          online={false}
          variantAction={[MockFunction]}
          variantActionLabel="Select"
          variants={Array []}
        >
          <ProductStyles__StyledProductVariants>
            <div
              className="ProductStyles__StyledProductVariants-sc-2231u4-1 ndRtn"
            >
              <div
                className="prdct-padding"
                id="prod-var-avail"
              >
                <i>
                  Unavailable
                </i>
              </div>
            </div>
          </ProductStyles__StyledProductVariants>
        </ProductVariants>
        <div
          className="prdct-desc prdct-padding"
          id="prdct-desc"
        >
          <div
            id="prdct-description"
          >
            <strong>
              Description:
            </strong>
            <p>
              Limited Edition watch from the 2018 Fall fashion line.
            </p>
          </div>
          <div
            id="prdct-brand"
          >
            <strong>
              Brand:
            </strong>
            <p>
              Peggs
            </p>
          </div>
        </div>
      </div>
    </div>
  </ProductStyles__StyledProduct>
</Product>
`;
