// Jest Snapshot v1, https://goo.gl/fbAQLP

exports[`<CreateProductForm /> renders and matches snapshot 1`] = `null`;
