// Jest Snapshot v1, https://goo.gl/fbAQLP

exports[`<ProductFormFields /> renders and matches snapshot 1`] = `
<ProductFormFields
  brand=""
  category=""
  department=""
  description=""
  image={
    Object {
      "cloudinary_id": "cloudinary_idcloudinary_id",
      "delete_token": "delete tokeeeen",
      "height": 33,
      "image_url": "image_urlimage_url.png",
      "large_image_url": "large_image_urllarge_image_url.png",
      "name": "namename",
      "transformation": "",
      "width": 22,
    }
  }
  mocks={
    Array [
      Object {
        "request": Object {
          "query": Object {
            "definitions": Array [
              Object {
                "directives": Array [],
                "kind": "OperationDefinition",
                "name": Object {
                  "kind": "Name",
                  "value": "CREATE_IMAGE_MUTATION",
                },
                "operation": "mutation",
                "selectionSet": Object {
                  "kind": "SelectionSet",
                  "selections": Array [
                    Object {
                      "alias": undefined,
                      "arguments": Array [
                        Object {
                          "kind": "Argument",
                          "name": Object {
                            "kind": "Name",
                            "value": "cloudinary_id",
                          },
                          "value": Object {
                            "kind": "Variable",
                            "name": Object {
                              "kind": "Name",
                              "value": "cloudinary_id",
                            },
                          },
                        },
                        Object {
                          "kind": "Argument",
                          "name": Object {
                            "kind": "Name",
                            "value": "name",
                          },
                          "value": Object {
                            "kind": "Variable",
                            "name": Object {
                              "kind": "Name",
                              "value": "name",
                            },
                          },
                        },
                        Object {
                          "kind": "Argument",
                          "name": Object {
                            "kind": "Name",
                            "value": "height",
                          },
                          "value": Object {
                            "kind": "Variable",
                            "name": Object {
                              "kind": "Name",
                              "value": "height",
                            },
                          },
                        },
                        Object {
                          "kind": "Argument",
                          "name": Object {
                            "kind": "Name",
                            "value": "width",
                          },
                          "value": Object {
                            "kind": "Variable",
                            "name": Object {
                              "kind": "Name",
                              "value": "width",
                            },
                          },
                        },
                        Object {
                          "kind": "Argument",
                          "name": Object {
                            "kind": "Name",
                            "value": "transformation",
                          },
                          "value": Object {
                            "kind": "Variable",
                            "name": Object {
                              "kind": "Name",
                              "value": "transformation",
                            },
                          },
                        },
                        Object {
                          "kind": "Argument",
                          "name": Object {
                            "kind": "Name",
                            "value": "image_url",
                          },
                          "value": Object {
                            "kind": "Variable",
                            "name": Object {
                              "kind": "Name",
                              "value": "image_url",
                            },
                          },
                        },
                        Object {
                          "kind": "Argument",
                          "name": Object {
                            "kind": "Name",
                            "value": "large_image_url",
                          },
                          "value": Object {
                            "kind": "Variable",
                            "name": Object {
                              "kind": "Name",
                              "value": "large_image_url",
                            },
                          },
                        },
                      ],
                      "directives": Array [],
                      "kind": "Field",
                      "name": Object {
                        "kind": "Name",
                        "value": "createImage",
                      },
                      "selectionSet": Object {
                        "kind": "SelectionSet",
                        "selections": Array [
                          Object {
                            "alias": undefined,
                            "arguments": Array [],
                            "directives": Array [],
                            "kind": "Field",
                            "name": Object {
                              "kind": "Name",
                              "value": "id",
                            },
                            "selectionSet": undefined,
                          },
                        ],
                      },
                    },
                  ],
                },
                "variableDefinitions": Array [
                  Object {
                    "defaultValue": undefined,
                    "directives": Array [],
                    "kind": "VariableDefinition",
                    "type": Object {
                      "kind": "NonNullType",
                      "type": Object {
                        "kind": "NamedType",
                        "name": Object {
                          "kind": "Name",
                          "value": "String",
                        },
                      },
                    },
                    "variable": Object {
                      "kind": "Variable",
                      "name": Object {
                        "kind": "Name",
                        "value": "cloudinary_id",
                      },
                    },
                  },
                  Object {
                    "defaultValue": undefined,
                    "directives": Array [],
                    "kind": "VariableDefinition",
                    "type": Object {
                      "kind": "NonNullType",
                      "type": Object {
                        "kind": "NamedType",
                        "name": Object {
                          "kind": "Name",
                          "value": "String",
                        },
                      },
                    },
                    "variable": Object {
                      "kind": "Variable",
                      "name": Object {
                        "kind": "Name",
                        "value": "name",
                      },
                    },
                  },
                  Object {
                    "defaultValue": undefined,
                    "directives": Array [],
                    "kind": "VariableDefinition",
                    "type": Object {
                      "kind": "NonNullType",
                      "type": Object {
                        "kind": "NamedType",
                        "name": Object {
                          "kind": "Name",
                          "value": "Int",
                        },
                      },
                    },
                    "variable": Object {
                      "kind": "Variable",
                      "name": Object {
                        "kind": "Name",
                        "value": "height",
                      },
                    },
                  },
                  Object {
                    "defaultValue": undefined,
                    "directives": Array [],
                    "kind": "VariableDefinition",
                    "type": Object {
                      "kind": "NonNullType",
                      "type": Object {
                        "kind": "NamedType",
                        "name": Object {
                          "kind": "Name",
                          "value": "Int",
                        },
                      },
                    },
                    "variable": Object {
                      "kind": "Variable",
                      "name": Object {
                        "kind": "Name",
                        "value": "width",
                      },
                    },
                  },
                  Object {
                    "defaultValue": undefined,
                    "directives": Array [],
                    "kind": "VariableDefinition",
                    "type": Object {
                      "kind": "NonNullType",
                      "type": Object {
                        "kind": "NamedType",
                        "name": Object {
                          "kind": "Name",
                          "value": "String",
                        },
                      },
                    },
                    "variable": Object {
                      "kind": "Variable",
                      "name": Object {
                        "kind": "Name",
                        "value": "transformation",
                      },
                    },
                  },
                  Object {
                    "defaultValue": undefined,
                    "directives": Array [],
                    "kind": "VariableDefinition",
                    "type": Object {
                      "kind": "NonNullType",
                      "type": Object {
                        "kind": "NamedType",
                        "name": Object {
                          "kind": "Name",
                          "value": "String",
                        },
                      },
                    },
                    "variable": Object {
                      "kind": "Variable",
                      "name": Object {
                        "kind": "Name",
                        "value": "image_url",
                      },
                    },
                  },
                  Object {
                    "defaultValue": undefined,
                    "directives": Array [],
                    "kind": "VariableDefinition",
                    "type": Object {
                      "kind": "NonNullType",
                      "type": Object {
                        "kind": "NamedType",
                        "name": Object {
                          "kind": "Name",
                          "value": "String",
                        },
                      },
                    },
                    "variable": Object {
                      "kind": "Variable",
                      "name": Object {
                        "kind": "Name",
                        "value": "large_image_url",
                      },
                    },
                  },
                ],
              },
            ],
            "kind": "Document",
            "loc": Object {
              "end": 464,
              "start": 0,
            },
          },
          "variables": Object {
            "cloudinary_id": "",
            "height": 22,
            "image_url": "peggswatch1.jpg",
            "large_image_url": "peggswatch2.jpg",
            "name": "",
            "transformation": "",
            "width": 22,
          },
        },
        "result": Object {
          "errors": Array [
            Object {
              "message": "ack!",
            },
          ],
        },
      },
    ]
  }
  online={false}
  saveToForm={[MockFunction]}
  title=""
  userName="Miss Coleman Berge"
>
  <ProductStyles__StyledProduct>
    <div
      className="ProductStyles__StyledProduct-sc-2231u4-0 dOvnhj"
    >
      <div
        className="form-imgs"
      >
        <img
          alt="namename"
          height="640"
          src="large_image_urllarge_image_url.png"
          width="450"
        />
      </div>
      <div
        className="form-content"
      >
        <div
          className="field-padding"
        >
          <label
            htmlFor="title"
          >
            Title:
            <input
              id="title"
              name="title"
              onChange={[Function]}
              placeholder="UGG Classic Boot"
              required={true}
              type="text"
              value=""
            />
          </label>
        </div>
        <ByCreator
          name="Miss Coleman Berge"
          online={true}
        >
          <div
            className="prdct-creator prdct-padding"
          >
            By
            <Link
              href={
                Object {
                  "pathname": "/shop",
                  "query": Object {
                    "name": "Miss Coleman Berge",
                    "online": true,
                  },
                }
              }
            >
              <a
                className="undrln-btn"
                href="/shop?name=Miss%20Coleman%20Berge&online=true"
                onClick={[Function]}
              >
                Miss Coleman Berge
              </a>
            </Link>
          </div>
        </ByCreator>
        <div
          className="field-padding"
        >
          <label
            htmlFor="department"
          >
            Department:
            <select
              id="department"
              name="department"
              onChange={[Function]}
              required={true}
              value=""
            >
              <option
                key="tops"
                value="tops"
              >
                Tops
              </option>
              <option
                key="bottoms"
                value="bottoms"
              >
                Bottoms
              </option>
              <option
                key="shoes"
                value="shoes"
              >
                Shoes
              </option>
              <option
                key="outwear"
                value="outwear"
              >
                Outwear
              </option>
              <option
                key="accessories"
                value="accessories"
              >
                Accessories
              </option>
              <option
                key="decor"
                value="decor"
              >
                Decor
              </option>
              <option
                key="wedding"
                value="wedding"
              >
                Wedding
              </option>
            </select>
          </label>
        </div>
        <div
          className="field-padding"
        >
          <label
            htmlFor="category"
          >
            Category:
            <select
              id="category"
              name="category"
              onChange={[Function]}
              value=""
            >
              <option
                key="0"
                value=""
              />
              <option
                key="blouses"
                value="blouses"
              >
                Blouses
              </option>
              <option
                key="cartigans"
                value="cartigans"
              >
                Cartigans
              </option>
              <option
                key="casual"
                value="casual"
              >
                Casual
              </option>
              <option
                key="sweaters"
                value="sweaters"
              >
                Sweaters
              </option>
              <option
                key="sweatshirts"
                value="sweatshirts"
              >
                Sweatshirts
              </option>
            </select>
          </label>
        </div>
        <div
          className="field-padding"
        >
          <label
            htmlFor="description"
          >
            Description:
            <textarea
              id="description"
              name="description"
              onChange={[Function]}
              placeholder="UGG boots are a unisex style of sheepskin boot originating in Australia and New Zealand..."
              required={true}
              value=""
            />
          </label>
        </div>
        <div
          className="field-padding"
        >
          <label
            htmlFor="brand"
          >
            Brand:
            <input
              id="brand"
              name="brand"
              onChange={[Function]}
              placeholder="UGG"
              type="text"
              value=""
            />
          </label>
        </div>
        <div
          className="field-padding"
        >
          <label
            htmlFor="status"
          >
            Status:
            <div
              className="prdct-padding"
            >
              <div
                className="prdct-padding"
              >
                <label
                  className="inline-lbl"
                  htmlFor="offline"
                >
                  <input
                    checked={true}
                    id="offline"
                    key="true"
                    name="offline"
                    onChange={[Function]}
                    type="radio"
                    value={true}
                  />
                  Private
                </label>
              </div>
              <div>
                <label
                  className="inline-lbl"
                  htmlFor="online"
                >
                  <input
                    checked={false}
                    id="online"
                    key="false"
                    name="online"
                    onChange={[Function]}
                    type="radio"
                    value={false}
                  />
                  Public
                </label>
              </div>
            </div>
          </label>
        </div>
        <div
          className="field-padding"
        >
          <label>
            Image:
            <div>
              <div
                className="prdct-padding"
              >
                <label
                  className="lbl-button"
                  htmlFor="image"
                >
                  <input
                    id="image"
                    name="image"
                    onChange={[Function]}
                    type="file"
                  />
                  Upload Image
                </label>
              </div>
              <div
                className="field-padding field-detail"
              >
                <h5>
                  Preview Details
                </h5>
                <p>
                  ID: 
                  <i>
                    cloudinary_idcloudinary_id
                  </i>
                </p>
                <p>
                  Name: 
                  <i>
                    namename
                  </i>
                </p>
                <p>
                  Dimensions: 
                  <i>
                    22
                  </i>
                  W x 
                  <i>
                    33
                  </i>
                  H
                </p>
                <p>
                  Transformation: 
                  <i />
                </p>
                <p>
                  Url: 
                  <i>
                    image_urlimage_url.png
                  </i>
                </p>
              </div>
            </div>
          </label>
        </div>
      </div>
    </div>
  </ProductStyles__StyledProduct>
</ProductFormFields>
`;
