// Jest Snapshot v1, https://goo.gl/fbAQLP

exports[`<SignupForm /> renders and matches snapshot 1`] = `null`;
