// Jest Snapshot v1, https://goo.gl/fbAQLP

exports[`<UpdateProductForm /> renders and matches snapshot 1`] = `null`;
