// Jest Snapshot v1, https://goo.gl/fbAQLP

exports[`<AddToCart /> renders and matches the snap shot 1`] = `
<button
  className="big-btn"
  disabled={false}
  onClick={[Function]}
>
  Add
   To Cart
</button>
`;
