// Jest Snapshot v1, https://goo.gl/fbAQLP

exports[`<DeleteProductVariant /> renders and matches snapshot 1`] = `
<button
  className="dlt-btn"
  disabled={false}
  onClick={[Function]}
>
  Delete
</button>
`;
