// Jest Snapshot v1, https://goo.gl/fbAQLP

exports[`<RequestPasswordReset /> renders and matches snapshot 1`] = `null`;
