// Jest Snapshot v1, https://goo.gl/fbAQLP

exports[`<UpdatePermissions /> renders and matches snapshot 1`] = `
<UpdatePermissions
  permissions={
    Array [
      "ADMIN",
    ]
  }
  userId="us3r1d"
>
  <Mutation
    mutation={
      Object {
        "definitions": Array [
          Object {
            "directives": Array [],
            "kind": "OperationDefinition",
            "name": Object {
              "kind": "Name",
              "value": "UPDATE_PERMISSIONS_MUTATION",
            },
            "operation": "mutation",
            "selectionSet": Object {
              "kind": "SelectionSet",
              "selections": Array [
                Object {
                  "alias": undefined,
                  "arguments": Array [
                    Object {
                      "kind": "Argument",
                      "name": Object {
                        "kind": "Name",
                        "value": "permissions",
                      },
                      "value": Object {
                        "kind": "Variable",
                        "name": Object {
                          "kind": "Name",
                          "value": "permissions",
                        },
                      },
                    },
                    Object {
                      "kind": "Argument",
                      "name": Object {
                        "kind": "Name",
                        "value": "userId",
                      },
                      "value": Object {
                        "kind": "Variable",
                        "name": Object {
                          "kind": "Name",
                          "value": "userId",
                        },
                      },
                    },
                  ],
                  "directives": Array [],
                  "kind": "Field",
                  "name": Object {
                    "kind": "Name",
                    "value": "updatePermissions",
                  },
                  "selectionSet": Object {
                    "kind": "SelectionSet",
                    "selections": Array [
                      Object {
                        "alias": undefined,
                        "arguments": Array [],
                        "directives": Array [],
                        "kind": "Field",
                        "name": Object {
                          "kind": "Name",
                          "value": "id",
                        },
                        "selectionSet": undefined,
                      },
                      Object {
                        "alias": undefined,
                        "arguments": Array [],
                        "directives": Array [],
                        "kind": "Field",
                        "name": Object {
                          "kind": "Name",
                          "value": "permissions",
                        },
                        "selectionSet": undefined,
                      },
                      Object {
                        "alias": undefined,
                        "arguments": Array [],
                        "directives": Array [],
                        "kind": "Field",
                        "name": Object {
                          "kind": "Name",
                          "value": "name",
                        },
                        "selectionSet": undefined,
                      },
                      Object {
                        "alias": undefined,
                        "arguments": Array [],
                        "directives": Array [],
                        "kind": "Field",
                        "name": Object {
                          "kind": "Name",
                          "value": "email",
                        },
                        "selectionSet": undefined,
                      },
                    ],
                  },
                },
              ],
            },
            "variableDefinitions": Array [
              Object {
                "defaultValue": undefined,
                "directives": Array [],
                "kind": "VariableDefinition",
                "type": Object {
                  "kind": "ListType",
                  "type": Object {
                    "kind": "NamedType",
                    "name": Object {
                      "kind": "Name",
                      "value": "Permission",
                    },
                  },
                },
                "variable": Object {
                  "kind": "Variable",
                  "name": Object {
                    "kind": "Name",
                    "value": "permissions",
                  },
                },
              },
              Object {
                "defaultValue": undefined,
                "directives": Array [],
                "kind": "VariableDefinition",
                "type": Object {
                  "kind": "NonNullType",
                  "type": Object {
                    "kind": "NamedType",
                    "name": Object {
                      "kind": "Name",
                      "value": "ID",
                    },
                  },
                },
                "variable": Object {
                  "kind": "Variable",
                  "name": Object {
                    "kind": "Name",
                    "value": "userId",
                  },
                },
              },
            ],
          },
        ],
        "kind": "Document",
        "loc": Object {
          "end": 212,
          "start": 0,
        },
      }
    }
    variables={
      Object {
        "permissions": Array [
          "ADMIN",
        ],
        "userId": "us3r1d",
      }
    }
  >
    <button
      className="undrln-btn"
      onClick={[Function]}
    >
      Updat
      e
    </button>
  </Mutation>
</UpdatePermissions>
`;
