// Jest Snapshot v1, https://goo.gl/fbAQLP

exports[`<UpdateCartItem /> renders and matches snapshot 1`] = `
<button
  disabled={false}
  onClick={[Function]}
>
  âˆ’
</button>
`;
